     1                                 %line 1+1 HelloWorld.asm
     2                                 
     3                                 
     4                                 
     5                                 
     6                                 
     7                                 [section .data]
     8 00000000 54686520717569636B-     msg dw "The quick brown fox jumps over the lazy dog.",0xa,0xd
     9 00000000 2062726F776E20666F-
    10 00000000 78206A756D7073206F-
    11 00000000 76657220746865206C-
    12 00000000 617A7920646F672E0A-
    13 00000000 000D00             
    14                                  len equ $-msg
    15                                 
    16                                 [section .text]
    17                                 [global _start]
    18                                 
    19                                 _start:
    20 00000000 B804000000              mov eax,4
    21 00000005 BB01000000              mov ebx,1
    22 0000000A B9[00000000]            mov ecx,msg
    23 0000000F BA30000000              mov edx,len
    24 00000014 CD80                    int 0x80
    25                                 
    26 00000016 B801000000              mov eax,1
    27 0000001B BB00000000              mov ebx,0
    28 00000020 CD80                    int 0x80
