     1                                 %line 1+1 task4.asm
     2                                 
     3                                 
     4                                 
     5                                 
     6                                 
     7                                 
     8                                 [section .data]
     9                                 
    10                                 
    11                                 
    12 00000000 0000000000000000       number1 dq 0
    13 00000008 0000000000000000       number2 dq 0
    14 00000010 0000000000000000       quot dq 0
    15                                 
    16                                 
    17                                 
    18                                 
    19 00000018 0A000000000000000D-    newline dq 0xa,0xd
    20 00000018 00000000000000     
    21                                 
    22                                 [section .text]
    23                                 [global _start]
    24                                 
    25                                 _start:
    26                                 
    27                                 
    28                                 
    29 00000000 48C7C000000000          mov rax,0
    30 00000007 48C7C202000000          mov rdx,2
    31 0000000E 48C7C700000000          mov rdi,0
    32 00000015 48C7C6[00000000]        mov rsi,number1
    33 0000001C 0F05                    syscall
    34                                 
    35 0000001E 48C7C000000000          mov rax,0
    36 00000025 48C7C202000000          mov rdx,2
    37 0000002C 48C7C700000000          mov rdi,0
    38 00000033 48C7C6[00000000]        mov rsi,number2
    39 0000003A 0F05                    syscall
    40                                 
    41                                 
    42                                 
    43 0000003C 66832C25[00000000]-     sub word [number1],48
    44 0000003C 30                 
    45 00000045 48832C25[00000000]-     sub qword [number2],48
    46 00000045 30                 
    47                                 
    48 0000004E 488B0425[00000000]      mov rax,[number1]
    49 00000056 66F73425[00000000]      div word [number2]
    50 0000005E 48890425[00000000]      mov [quot],rax
    51                                 
    52                                 
    53                                 
    54 00000066 66830425[00000000]-     add word [quot],48
    55 00000066 30                 
    56                                 
    57                                 
    58                                 
    59 0000006F 48C7C001000000          mov rax,1
    60 00000076 48C7C201000000          mov rdx,1
    61 0000007D 48C7C701000000          mov rdi,1
    62 00000084 48C7C6[00000000]        mov rsi,quot
    63 0000008B 0F05                    syscall
    64                                 
    65                                 
    66                                 
    67 0000008D 48C7C001000000          mov rax,1
    68 00000094 48C7C201000000          mov rdx,1
    69 0000009B 48C7C701000000          mov rdi,1
    70 000000A2 48C7C6[00000000]        mov rsi,newline
    71 000000A9 0F05                    syscall
    72                                 
    73                                 
    74                                 
    75 000000AB 48C7C03C000000          mov rax,60
    76 000000B2 48C7C700000000          mov rdi,0
    77 000000B9 0F05                    syscall
